// Jest Snapshot v1, https://goo.gl/fbAQLP

exports[`test de el archivo hooksApp should regresar el snapshot con hola mundo 1`] = `
<div>
  <h1>
    Hola mundo
  </h1>
</div>
`;
