// Jest Snapshot v1, https://goo.gl/fbAQLP

exports[`pruebas en el componente <RealExampleRef> should sow the component 1`] = `
<div>
  <h1>
    real example ref
  </h1>
  <hr />
  <button
    className="btn btn-primary mt-5"
    onClick={[Function]}
  >
    Show/Hide
  </button>
</div>
`;
