// Jest Snapshot v1, https://goo.gl/fbAQLP

exports[`Pruebas en <HomeScreen/> should de mostrase correctamente 1`] = `
<div>
  <h1>
    Home Screen
  </h1>
  <hr />
  <pre>
    {
   "name": "John",
   "email": "john@example.com"
}
  </pre>
</div>
`;
